// Jest Snapshot v1, https://goo.gl/fbAQLP

exports[`Statistic support negetive number 1`] = `
<div class="bmant-statistic">
  <div class="bmant-statistic-title">Account Balance (CNY)</div>
  <div class="bmant-statistic-content">
    <!----><span class="bmant-statistic-content-value"><span class="bmant-statistic-content-value-int">-112,893</span><span class="bmant-statistic-content-value-decimal">.12</span></span>
    <!---->
  </div>
</div>
`;
