// Jest Snapshot v1, https://goo.gl/fbAQLP

exports[`Switch should has click wave effect 1`] = `
<button type="button" role="switch" aria-checked="true" class="bmant-switch-checked ant-switch">
  <div class="bmant-switch-handle">
    <!---->
  </div><span class="bmant-switch-inner"><!----></span>
</button>
`;
